Running Gradle task 'assembleRelease'...                        
lib/presentation/pages/home_page.dart:293:50: Error: Member not found: 'appBar'.
                              size: LWComponents.appBar.iconSizeSmall,
                                                 ^^^^^^
lib/presentation/pages/home_page.dart:325:54: Error: Member not found: 'appBar'.
                                  size: LWComponents.appBar.iconSize,
                                                     ^^^^^^
lib/presentation/widgets/lw_app_bar.dart:47:30: Error: Member not found: 'appBar'.
          size: LWComponents.appBar.iconSizeSmall,
                             ^^^^^^
lib/presentation/widgets/lw_app_bar.dart:57:32: Error: Member not found: 'appBar'.
            size: LWComponents.appBar.iconSize,
                               ^^^^^^
lib/presentation/widgets/lw_app_bar.dart:133:38: Error: Member not found: 'appBar'.
                  size: LWComponents.appBar.iconSize, color: lw.contentPrimary),
                                     ^^^^^^
Target kernel_snapshot_program failed: Exception


FAILURE: Build failed with an exception.

* What went wrong:
Execution failed for task ':app:compileFlutterBuildRelease'.
> Process 'command 'C:\dev\flutter\bin\flutter.bat'' finished with non-zero exit value 1

* Try:
> Run with --stacktrace option to get the stack trace.
> Run with --info or --debug option to get more log output.
> Run with --scan to get full insights.
> Get more help at https://help.gradle.org.

BUILD FAILED in 17s
Running Gradle task 'assembleRelease'...                           17,7s
Gradle task assembleRelease failed with exit code 1
